# Begin Devbox Post-init Hook



# Prepend to the prompt to make it clear we're in a devbox shell.
export PS1="(devbox) $PS1"

# End Devbox Post-init Hook

# Run plugin and user init hooks from the devbox.json directory.
working_dir="$(pwd)"
cd "path/to/projectDir" || exit

# Source the hooks file, which contains the project's init hooks and plugin hooks.
. /path/to/projectDir/.devbox/gen/scripts/.hooks.sh

cd "$working_dir" || exit

# Add refresh alias (only if it doesn't already exist)
if ! type refresh >/dev/null 2>&1; then
  export DEVBOX_REFRESH_ALIAS_8f8c22fe4ebaac1362df5660c064aab19a5c093ee1717492bd5b8197ab10abf4='eval "$(devbox shellenv --preserve-path-stack -c "/path/to/projectDir")" && hash -r'
  alias refresh='eval "$(devbox shellenv --preserve-path-stack -c "/path/to/projectDir")" && hash -r'
fi
