# Begin Devbox Pre-init Hook

# Don't allow the user's shellrc to re-source Nix since we're already in Nix.
export __ETC_PROFILE_NIX_SOURCED=1

# Put the Nix packages at the beginning of the PATH to give them priority over
# programs outside of devbox.
export PATH="$PURE_NIX_PATH"

# Append any paths that were in the environment at the time the user launched
# devbox. This gives the shell access to non-devbox programs, while still
# preferring the ones that Nix installed.
PATH="$PATH:/a/test/path"

# End Devbox Pre-init Hook

# Begin testdata/shellrc/nohook/shellrc

# Set up the prompt

autoload -Uz promptinit
promptinit
#prompt adam1

setopt histignorealldups sharehistory

# Use emacs keybindings even if our EDITOR is set to vi
bindkey -e

# Keep 1000 lines of history within the shell and save it to ~/.zsh_history:
HISTSIZE=1000
SAVEHIST=1000
HISTFILE=~/.zsh_history

# Use modern completion system
autoload -Uz compinit
compinit

zstyle ':completion:*' auto-description 'specify: %d'
zstyle ':completion:*' completer _expand _complete _correct _approximate
zstyle ':completion:*' format 'Completing %d'
zstyle ':completion:*' group-name ''
zstyle ':completion:*' menu select=2
eval "$(dircolors -b)"
zstyle ':completion:*:default' list-colors ${(s.:.)LS_COLORS}
zstyle ':completion:*' list-colors ''
zstyle ':completion:*' list-prompt %SAt %p: Hit TAB for more, or the character to insert%s
zstyle ':completion:*' matcher-list '' 'm:{a-z}={A-Z}' 'm:{a-zA-Z}={A-Za-z}' 'r:|[._-]=* r:|=* l:|=*'
zstyle ':completion:*' menu select=long
zstyle ':completion:*' select-prompt %SScrolling active: current selection at %p%s
zstyle ':completion:*' use-compctl false
zstyle ':completion:*' verbose true

zstyle ':completion:*:*:kill:*:processes' list-colors '=(#b) #([0-9]#)*=0=01;31'
zstyle ':completion:*:kill:*' command 'ps -u $USER -o pid,%cpu,tty,cputime,cmd'

# End testdata/shellrc/nohook/shellrc

# Begin Devbox Post-init Hook

# Update the $PATH again so that the Nix packages take priority over the
# programs outside of devbox.
export PATH="$PURE_NIX_PATH:$PATH"

# Prepend to the prompt to make it clear we're in a devbox shell.
export PS1="(devbox) $PS1"

# End Devbox Post-init Hook
