# Autogenerated by devbox. Do not modify manually.
# ConfigVersion: 0.0.1

Host proxy.devbox.sh
	StrictHostKeyChecking no
	UserKnownHostsFile "$HOME/.config/devbox/ssh/known_hosts"

Host gateway.devbox.sh gateway.dev.devbox.sh
	HostKeyAlgorithms ssh-ed25519
	StrictHostKeyChecking yes
	UserKnownHostsFile "$HOME/.config/devbox/ssh/known_hosts"

Host *.devbox-vms.internal
	Port 2222
	ProxyJump proxy@proxy.devbox.sh
	IdentityFile "$HOME/.config/devbox/ssh/keys/%h"
	PreferredAuthentications publickey
	StrictHostKeyChecking no
	UserKnownHostsFile "$HOME/.config/devbox/ssh/known_hosts"
	ServerAliveInterval 50
	ServerAliveCountMax 3
	ControlMaster auto
	ControlPath "$HOME/.config/devbox/ssh/sockets/%h"
	ControlPersist 300
